21:17:08 **** Incremental Build of configuration Debug for project 24C64_STM32F105RB-I2C1-R ****
make -j4 all 
arm-none-eabi-gcc "../Src/device_info.c" -mcpu=cortex-m3 -std=gnu11 -g3 -DSTM32F105xC '-DHSE_VALUE=8000000' '-DHSE_STARTUP_TIMEOUT=100' -DDEBUG '-DLSE_STARTUP_TIMEOUT=5000' '-DLSE_VALUE=32768' '-DDATA_CACHE_ENABLE=1' '-DVDD_VALUE=3300' '-DINSTRUCTION_CACHE_ENABLE=1' '-DLSI_VALUE=40000' '-DHSI_VALUE=8000000' -DUSE_FULL_LL_DRIVER '-DPREFETCH_ENABLE=1' -c -I../Drivers/CMSIS/Device/ST/STM32F1xx/Include -I../Drivers/CMSIS/Include -I../Drivers/STM32F1xx_HAL_Driver/Inc -I../Core/src -O0 -Wall -fstack-usage -MMD -MP -MF"Src/device_info.d" -MT"Src/device_info.o" --specs=nano.specs -mfloat-abi=soft -mthumb -o "Src/device_info.o"
arm-none-eabi-gcc -o "24C64_STM32F105RB-I2C1-R.stldr" @"objects.list"   -mcpu=cortex-m3 -T"../stm32_ram.ld" --specs=nosys.specs -Wl,-Map="24C64_STM32F105RB-I2C1-R.map" -Wl,--gc-sections -static --specs=nano.specs -mfloat-abi=soft -mthumb -Wl,--start-group -lc -lm -Wl,--end-group
Finished building target: 24C64_STM32F105RB-I2C1-R.stldr
 
arm-none-eabi-objdump -h -S  24C64_STM32F105RB-I2C1-R.stldr  > "24C64_STM32F105RB-I2C1-R.list"
arm-none-eabi-size   24C64_STM32F105RB-I2C1-R.stldr 
   text	   data	    bss	    dec	    hex	filename
   4188	      8	    540	   4736	   1280	24C64_STM32F105RB-I2C1-R.stldr
Finished building: default.size.stdout
 
Finished building: 24C64_STM32F105RB-I2C1-R.list
 
